[2020-04-22T04:58:55.138+0500][gc,heap] Heap region size: 1M
[2020-04-22T04:58:55.147+0500][gc     ] Using G1
[2020-04-22T04:58:55.147+0500][gc,heap,coops] Heap address: 0x0000000780000000, size: 1024 MB, Compressed Oops mode: Zero based, Oop shift amount: 3
[2020-04-22T04:58:56.274+0500][gc,start     ] GC(0) Pause Young (G1 Evacuation Pause)
[2020-04-22T04:58:56.274+0500][gc,task      ] GC(0) Using 4 workers of 4 for evacuation
[2020-04-22T04:58:56.284+0500][gc,phases    ] GC(0)   Pre Evacuate Collection Set: 0.0ms
[2020-04-22T04:58:56.284+0500][gc,phases    ] GC(0)   Evacuate Collection Set: 6.8ms
[2020-04-22T04:58:56.284+0500][gc,phases    ] GC(0)   Post Evacuate Collection Set: 2.7ms
[2020-04-22T04:58:56.284+0500][gc,phases    ] GC(0)   Other: 0.1ms
[2020-04-22T04:58:56.284+0500][gc,heap      ] GC(0) Eden regions: 51->0(44)
[2020-04-22T04:58:56.284+0500][gc,heap      ] GC(0) Survivor regions: 0->7(7)
[2020-04-22T04:58:56.284+0500][gc,heap      ] GC(0) Old regions: 0->4
[2020-04-22T04:58:56.284+0500][gc,heap      ] GC(0) Humongous regions: 0->0
[2020-04-22T04:58:56.284+0500][gc,metaspace ] GC(0) Metaspace: 19599K->19599K(1067008K)
[2020-04-22T04:58:56.284+0500][gc           ] GC(0) Pause Young (G1 Evacuation Pause) 51M->10M(1024M) 9.752ms
[2020-04-22T04:58:56.284+0500][gc,cpu       ] GC(0) User=0.02s Sys=0.00s Real=0.01s
[2020-04-22T04:58:56.335+0500][gc,start     ] GC(1) Pause Initial Mark (Metadata GC Threshold)
[2020-04-22T04:58:56.335+0500][gc,task      ] GC(1) Using 4 workers of 4 for evacuation
[2020-04-22T04:58:56.341+0500][gc,phases    ] GC(1)   Pre Evacuate Collection Set: 0.0ms
[2020-04-22T04:58:56.342+0500][gc,phases    ] GC(1)   Evacuate Collection Set: 6.2ms
[2020-04-22T04:58:56.342+0500][gc,phases    ] GC(1)   Post Evacuate Collection Set: 0.4ms
[2020-04-22T04:58:56.342+0500][gc,phases    ] GC(1)   Other: 0.1ms
[2020-04-22T04:58:56.342+0500][gc,heap      ] GC(1) Eden regions: 6->0(49)
[2020-04-22T04:58:56.342+0500][gc,heap      ] GC(1) Survivor regions: 7->2(7)
[2020-04-22T04:58:56.342+0500][gc,heap      ] GC(1) Old regions: 4->11
[2020-04-22T04:58:56.342+0500][gc,heap      ] GC(1) Humongous regions: 0->0
[2020-04-22T04:58:56.342+0500][gc,metaspace ] GC(1) Metaspace: 20441K->20441K(1069056K)
[2020-04-22T04:58:56.342+0500][gc           ] GC(1) Pause Initial Mark (Metadata GC Threshold) 16M->11M(1024M) 6.847ms
[2020-04-22T04:58:56.342+0500][gc,cpu       ] GC(1) User=0.02s Sys=0.01s Real=0.01s
[2020-04-22T04:58:56.342+0500][gc           ] GC(2) Concurrent Cycle
[2020-04-22T04:58:56.342+0500][gc,marking   ] GC(2) Concurrent Clear Claimed Marks
[2020-04-22T04:58:56.342+0500][gc,marking   ] GC(2) Concurrent Clear Claimed Marks 0.033ms
[2020-04-22T04:58:56.342+0500][gc,marking   ] GC(2) Concurrent Scan Root Regions
[2020-04-22T04:58:56.345+0500][gc,marking   ] GC(2) Concurrent Scan Root Regions 3.001ms
[2020-04-22T04:58:56.345+0500][gc,marking   ] GC(2) Concurrent Mark (1.237s)
[2020-04-22T04:58:56.345+0500][gc,marking   ] GC(2) Concurrent Mark From Roots
[2020-04-22T04:58:56.345+0500][gc,task      ] GC(2) Using 1 workers of 1 for marking
[2020-04-22T04:58:56.353+0500][gc,marking   ] GC(2) Concurrent Mark From Roots 7.986ms
[2020-04-22T04:58:56.353+0500][gc,marking   ] GC(2) Concurrent Mark (1.237s, 1.245s) 8.050ms
[2020-04-22T04:58:56.353+0500][gc,start     ] GC(2) Pause Remark
[2020-04-22T04:58:56.356+0500][gc,stringtable] GC(2) Cleaned string and symbol table, strings: 8317 processed, 0 removed, symbols: 66097 processed, 39 removed
[2020-04-22T04:58:56.356+0500][gc            ] GC(2) Pause Remark 12M->12M(1024M) 2.828ms
[2020-04-22T04:58:56.356+0500][gc,cpu        ] GC(2) User=0.01s Sys=0.00s Real=0.00s
[2020-04-22T04:58:56.356+0500][gc,marking    ] GC(2) Concurrent Create Live Data
[2020-04-22T04:58:56.359+0500][gc,marking    ] GC(2) Concurrent Create Live Data 3.039ms
[2020-04-22T04:58:56.359+0500][gc,start      ] GC(2) Pause Cleanup
[2020-04-22T04:58:56.360+0500][gc            ] GC(2) Pause Cleanup 13M->10M(1024M) 0.838ms
[2020-04-22T04:58:56.360+0500][gc,cpu        ] GC(2) User=0.00s Sys=0.00s Real=0.01s
[2020-04-22T04:58:56.361+0500][gc,marking    ] GC(2) Concurrent Complete Cleanup
[2020-04-22T04:58:56.361+0500][gc,marking    ] GC(2) Concurrent Complete Cleanup 0.026ms
[2020-04-22T04:58:56.361+0500][gc,marking    ] GC(2) Concurrent Cleanup for Next Mark
[2020-04-22T04:58:56.369+0500][gc,marking    ] GC(2) Concurrent Cleanup for Next Mark 8.033ms
[2020-04-22T04:58:56.369+0500][gc            ] GC(2) Concurrent Cycle 27.020ms
[2020-04-22T04:58:57.093+0500][gc,start      ] GC(3) Pause Young (G1 Evacuation Pause)
[2020-04-22T04:58:57.093+0500][gc,task       ] GC(3) Using 4 workers of 4 for evacuation
[2020-04-22T04:58:57.097+0500][gc,phases     ] GC(3)   Pre Evacuate Collection Set: 0.0ms
[2020-04-22T04:58:57.097+0500][gc,phases     ] GC(3)   Evacuate Collection Set: 2.6ms
[2020-04-22T04:58:57.097+0500][gc,phases     ] GC(3)   Post Evacuate Collection Set: 1.6ms
[2020-04-22T04:58:57.097+0500][gc,phases     ] GC(3)   Other: 0.1ms
[2020-04-22T04:58:57.097+0500][gc,heap       ] GC(3) Eden regions: 49->0(44)
[2020-04-22T04:58:57.097+0500][gc,heap       ] GC(3) Survivor regions: 2->7(7)
[2020-04-22T04:58:57.097+0500][gc,heap       ] GC(3) Old regions: 8->9
[2020-04-22T04:58:57.097+0500][gc,heap       ] GC(3) Humongous regions: 129->129
[2020-04-22T04:58:57.097+0500][gc,metaspace  ] GC(3) Metaspace: 28124K->28124K(1075200K)
[2020-04-22T04:58:57.098+0500][gc            ] GC(3) Pause Young (G1 Evacuation Pause) 186M->144M(1024M) 4.378ms
[2020-04-22T04:58:57.098+0500][gc,cpu        ] GC(3) User=0.01s Sys=0.00s Real=0.00s
[2020-04-22T04:58:57.555+0500][gc,start      ] GC(4) Pause Initial Mark (Metadata GC Threshold)
[2020-04-22T04:58:57.555+0500][gc,task       ] GC(4) Using 4 workers of 4 for evacuation
[2020-04-22T04:58:57.563+0500][gc,phases     ] GC(4)   Pre Evacuate Collection Set: 0.0ms
[2020-04-22T04:58:57.563+0500][gc,phases     ] GC(4)   Evacuate Collection Set: 5.7ms
[2020-04-22T04:58:57.563+0500][gc,phases     ] GC(4)   Post Evacuate Collection Set: 2.2ms
[2020-04-22T04:58:57.563+0500][gc,phases     ] GC(4)   Other: 0.1ms
[2020-04-22T04:58:57.563+0500][gc,heap       ] GC(4) Eden regions: 42->0(44)
[2020-04-22T04:58:57.564+0500][gc,heap       ] GC(4) Survivor regions: 7->7(7)
[2020-04-22T04:58:57.564+0500][gc,heap       ] GC(4) Old regions: 9->11
[2020-04-22T04:58:57.564+0500][gc,heap       ] GC(4) Humongous regions: 129->129
[2020-04-22T04:58:57.564+0500][gc,metaspace  ] GC(4) Metaspace: 34339K->34339K(1081344K)
[2020-04-22T04:58:57.564+0500][gc            ] GC(4) Pause Initial Mark (Metadata GC Threshold) 185M->146M(1024M) 8.175ms
[2020-04-22T04:58:57.564+0500][gc,cpu        ] GC(4) User=0.03s Sys=0.00s Real=0.01s
[2020-04-22T04:58:57.564+0500][gc            ] GC(5) Concurrent Cycle
[2020-04-22T04:58:57.564+0500][gc,marking    ] GC(5) Concurrent Clear Claimed Marks
[2020-04-22T04:58:57.564+0500][gc,marking    ] GC(5) Concurrent Clear Claimed Marks 0.068ms
[2020-04-22T04:58:57.564+0500][gc,marking    ] GC(5) Concurrent Scan Root Regions
[2020-04-22T04:58:57.567+0500][gc,marking    ] GC(5) Concurrent Scan Root Regions 3.679ms
[2020-04-22T04:58:57.567+0500][gc,marking    ] GC(5) Concurrent Mark (2.460s)
[2020-04-22T04:58:57.567+0500][gc,marking    ] GC(5) Concurrent Mark From Roots
[2020-04-22T04:58:57.567+0500][gc,task       ] GC(5) Using 1 workers of 1 for marking
[2020-04-22T04:58:57.578+0500][gc,marking    ] GC(5) Concurrent Mark From Roots 11.005ms
[2020-04-22T04:58:57.579+0500][gc,marking    ] GC(5) Concurrent Mark (2.460s, 2.471s) 11.059ms
[2020-04-22T04:58:57.579+0500][gc,start      ] GC(5) Pause Remark
[2020-04-22T04:58:57.583+0500][gc,stringtable] GC(5) Cleaned string and symbol table, strings: 13875 processed, 18 removed, symbols: 101842 processed, 36 removed
[2020-04-22T04:58:57.583+0500][gc            ] GC(5) Pause Remark 148M->148M(1024M) 4.299ms
[2020-04-22T04:58:57.583+0500][gc,cpu        ] GC(5) User=0.02s Sys=0.00s Real=0.01s
[2020-04-22T04:58:57.583+0500][gc,marking    ] GC(5) Concurrent Create Live Data
[2020-04-22T04:58:57.586+0500][gc,marking    ] GC(5) Concurrent Create Live Data 2.606ms
[2020-04-22T04:58:57.586+0500][gc,start      ] GC(5) Pause Cleanup
[2020-04-22T04:58:57.587+0500][gc            ] GC(5) Pause Cleanup 148M->148M(1024M) 0.379ms
[2020-04-22T04:58:57.587+0500][gc,cpu        ] GC(5) User=0.00s Sys=0.00s Real=0.00s
[2020-04-22T04:58:57.587+0500][gc,marking    ] GC(5) Concurrent Cleanup for Next Mark
[2020-04-22T04:58:57.595+0500][gc,marking    ] GC(5) Concurrent Cleanup for Next Mark 8.084ms
[2020-04-22T04:58:57.595+0500][gc            ] GC(5) Concurrent Cycle 31.149ms
[2020-04-22T05:11:00.132+0500][gc,start      ] GC(6) Pause Young (G1 Evacuation Pause)
[2020-04-22T05:11:00.132+0500][gc,task       ] GC(6) Using 4 workers of 4 for evacuation
[2020-04-22T05:11:00.143+0500][gc,phases     ] GC(6)   Pre Evacuate Collection Set: 0.0ms
[2020-04-22T05:11:00.143+0500][gc,phases     ] GC(6)   Evacuate Collection Set: 10.3ms
[2020-04-22T05:11:00.143+0500][gc,phases     ] GC(6)   Post Evacuate Collection Set: 1.0ms
[2020-04-22T05:11:00.143+0500][gc,phases     ] GC(6)   Other: 0.4ms
[2020-04-22T05:11:00.144+0500][gc,heap       ] GC(6) Eden regions: 44->0(46)
[2020-04-22T05:11:00.144+0500][gc,heap       ] GC(6) Survivor regions: 7->5(7)
[2020-04-22T05:11:00.144+0500][gc,heap       ] GC(6) Old regions: 11->14
[2020-04-22T05:11:00.144+0500][gc,heap       ] GC(6) Humongous regions: 129->129
[2020-04-22T05:11:00.144+0500][gc,metaspace  ] GC(6) Metaspace: 40539K->40539K(1087488K)
[2020-04-22T05:11:00.144+0500][gc            ] GC(6) Pause Young (G1 Evacuation Pause) 190M->147M(1024M) 11.834ms
[2020-04-22T05:11:00.144+0500][gc,cpu        ] GC(6) User=0.04s Sys=0.00s Real=0.01s
[2020-04-22T05:37:21.693+0500][gc,start      ] GC(7) Pause Young (G1 Evacuation Pause)
[2020-04-22T05:37:21.693+0500][gc,task       ] GC(7) Using 4 workers of 4 for evacuation
[2020-04-22T05:37:21.698+0500][gc,phases     ] GC(7)   Pre Evacuate Collection Set: 0.0ms
[2020-04-22T05:37:21.698+0500][gc,phases     ] GC(7)   Evacuate Collection Set: 4.7ms
[2020-04-22T05:37:21.698+0500][gc,phases     ] GC(7)   Post Evacuate Collection Set: 0.5ms
[2020-04-22T05:37:21.698+0500][gc,phases     ] GC(7)   Other: 0.1ms
[2020-04-22T05:37:21.698+0500][gc,heap       ] GC(7) Eden regions: 46->0(48)
[2020-04-22T05:37:21.698+0500][gc,heap       ] GC(7) Survivor regions: 5->3(7)
[2020-04-22T05:37:21.698+0500][gc,heap       ] GC(7) Old regions: 14->16
[2020-04-22T05:37:21.698+0500][gc,heap       ] GC(7) Humongous regions: 129->129
[2020-04-22T05:37:21.698+0500][gc,metaspace  ] GC(7) Metaspace: 41947K->41947K(1089536K)
[2020-04-22T05:37:21.698+0500][gc            ] GC(7) Pause Young (G1 Evacuation Pause) 193M->146M(1024M) 5.469ms
[2020-04-22T05:37:21.698+0500][gc,cpu        ] GC(7) User=0.01s Sys=0.00s Real=0.00s
[2020-04-22T05:49:02.900+0500][gc,start      ] GC(8) Pause Young (G1 Evacuation Pause)
[2020-04-22T05:49:02.900+0500][gc,task       ] GC(8) Using 4 workers of 4 for evacuation
[2020-04-22T05:49:02.908+0500][gc,phases     ] GC(8)   Pre Evacuate Collection Set: 0.0ms
[2020-04-22T05:49:02.908+0500][gc,phases     ] GC(8)   Evacuate Collection Set: 6.7ms
[2020-04-22T05:49:02.908+0500][gc,phases     ] GC(8)   Post Evacuate Collection Set: 0.7ms
[2020-04-22T05:49:02.908+0500][gc,phases     ] GC(8)   Other: 0.4ms
[2020-04-22T05:49:02.908+0500][gc,heap       ] GC(8) Eden regions: 48->0(48)
[2020-04-22T05:49:02.908+0500][gc,heap       ] GC(8) Survivor regions: 3->3(7)
[2020-04-22T05:49:02.908+0500][gc,heap       ] GC(8) Old regions: 16->16
[2020-04-22T05:49:02.908+0500][gc,heap       ] GC(8) Humongous regions: 129->129
[2020-04-22T05:49:02.908+0500][gc,metaspace  ] GC(8) Metaspace: 44312K->44312K(1091584K)
[2020-04-22T05:49:02.908+0500][gc            ] GC(8) Pause Young (G1 Evacuation Pause) 194M->147M(1024M) 7.895ms
[2020-04-22T05:49:02.908+0500][gc,cpu        ] GC(8) User=0.03s Sys=0.00s Real=0.00s
[2020-04-22T06:01:15.544+0500][gc,start      ] GC(9) Pause Young (G1 Evacuation Pause)
[2020-04-22T06:01:15.544+0500][gc,task       ] GC(9) Using 4 workers of 4 for evacuation
[2020-04-22T06:01:15.552+0500][gc,phases     ] GC(9)   Pre Evacuate Collection Set: 0.0ms
[2020-04-22T06:01:15.552+0500][gc,phases     ] GC(9)   Evacuate Collection Set: 7.3ms
[2020-04-22T06:01:15.552+0500][gc,phases     ] GC(9)   Post Evacuate Collection Set: 0.5ms
[2020-04-22T06:01:15.552+0500][gc,phases     ] GC(9)   Other: 0.3ms
[2020-04-22T06:01:15.552+0500][gc,heap       ] GC(9) Eden regions: 48->0(47)
[2020-04-22T06:01:15.552+0500][gc,heap       ] GC(9) Survivor regions: 3->4(7)
[2020-04-22T06:01:15.552+0500][gc,heap       ] GC(9) Old regions: 16->16
[2020-04-22T06:01:15.552+0500][gc,heap       ] GC(9) Humongous regions: 129->129
[2020-04-22T06:01:15.552+0500][gc,metaspace  ] GC(9) Metaspace: 44553K->44553K(1091584K)
[2020-04-22T06:01:15.552+0500][gc            ] GC(9) Pause Young (G1 Evacuation Pause) 195M->147M(1024M) 8.249ms
[2020-04-22T06:01:15.552+0500][gc,cpu        ] GC(9) User=0.02s Sys=0.00s Real=0.01s
[2020-04-22T06:13:07.919+0500][gc,start      ] GC(10) Pause Young (G1 Evacuation Pause)
[2020-04-22T06:13:07.919+0500][gc,task       ] GC(10) Using 4 workers of 4 for evacuation
[2020-04-22T06:13:07.927+0500][gc,phases     ] GC(10)   Pre Evacuate Collection Set: 0.0ms
[2020-04-22T06:13:07.927+0500][gc,phases     ] GC(10)   Evacuate Collection Set: 7.5ms
[2020-04-22T06:13:07.927+0500][gc,phases     ] GC(10)   Post Evacuate Collection Set: 0.4ms
[2020-04-22T06:13:07.927+0500][gc,phases     ] GC(10)   Other: 0.2ms
[2020-04-22T06:13:07.927+0500][gc,heap       ] GC(10) Eden regions: 47->0(47)
[2020-04-22T06:13:07.927+0500][gc,heap       ] GC(10) Survivor regions: 4->4(7)
[2020-04-22T06:13:07.927+0500][gc,heap       ] GC(10) Old regions: 16->16
[2020-04-22T06:13:07.927+0500][gc,heap       ] GC(10) Humongous regions: 129->129
[2020-04-22T06:13:07.927+0500][gc,metaspace  ] GC(10) Metaspace: 44843K->44843K(1091584K)
[2020-04-22T06:13:07.927+0500][gc            ] GC(10) Pause Young (G1 Evacuation Pause) 194M->148M(1024M) 8.292ms
[2020-04-22T06:13:07.927+0500][gc,cpu        ] GC(10) User=0.03s Sys=0.00s Real=0.01s
[2020-04-22T06:34:27.073+0500][gc,start      ] GC(11) Pause Young (G1 Evacuation Pause)
[2020-04-22T06:34:27.073+0500][gc,task       ] GC(11) Using 4 workers of 4 for evacuation
[2020-04-22T06:34:27.083+0500][gc,phases     ] GC(11)   Pre Evacuate Collection Set: 0.0ms
[2020-04-22T06:34:27.083+0500][gc,phases     ] GC(11)   Evacuate Collection Set: 9.3ms
[2020-04-22T06:34:27.083+0500][gc,phases     ] GC(11)   Post Evacuate Collection Set: 0.4ms
[2020-04-22T06:34:27.083+0500][gc,phases     ] GC(11)   Other: 0.2ms
[2020-04-22T06:34:27.083+0500][gc,heap       ] GC(11) Eden regions: 47->0(48)
[2020-04-22T06:34:27.083+0500][gc,heap       ] GC(11) Survivor regions: 4->3(7)
[2020-04-22T06:34:27.083+0500][gc,heap       ] GC(11) Old regions: 16->17
[2020-04-22T06:34:27.083+0500][gc,heap       ] GC(11) Humongous regions: 129->129
[2020-04-22T06:34:27.083+0500][gc,metaspace  ] GC(11) Metaspace: 44881K->44881K(1091584K)
[2020-04-22T06:34:27.083+0500][gc            ] GC(11) Pause Young (G1 Evacuation Pause) 195M->148M(1024M) 9.976ms
[2020-04-22T06:34:27.083+0500][gc,cpu        ] GC(11) User=0.02s Sys=0.01s Real=0.01s
[2020-04-22T06:47:58.826+0500][gc,start      ] GC(12) Pause Young (G1 Evacuation Pause)
[2020-04-22T06:47:58.826+0500][gc,task       ] GC(12) Using 4 workers of 4 for evacuation
[2020-04-22T06:47:58.834+0500][gc,phases     ] GC(12)   Pre Evacuate Collection Set: 0.0ms
[2020-04-22T06:47:58.834+0500][gc,phases     ] GC(12)   Evacuate Collection Set: 7.9ms
[2020-04-22T06:47:58.834+0500][gc,phases     ] GC(12)   Post Evacuate Collection Set: 0.4ms
[2020-04-22T06:47:58.834+0500][gc,phases     ] GC(12)   Other: 0.3ms
[2020-04-22T06:47:58.834+0500][gc,heap       ] GC(12) Eden regions: 48->0(49)
[2020-04-22T06:47:58.834+0500][gc,heap       ] GC(12) Survivor regions: 3->3(7)
[2020-04-22T06:47:58.834+0500][gc,heap       ] GC(12) Old regions: 17->17
[2020-04-22T06:47:58.834+0500][gc,heap       ] GC(12) Humongous regions: 129->129
[2020-04-22T06:47:58.834+0500][gc,metaspace  ] GC(12) Metaspace: 45088K->45088K(1091584K)
[2020-04-22T06:47:58.834+0500][gc            ] GC(12) Pause Young (G1 Evacuation Pause) 196M->148M(1024M) 8.765ms
[2020-04-22T06:47:58.834+0500][gc,cpu        ] GC(12) User=0.03s Sys=0.01s Real=0.01s
[2020-04-22T07:07:37.970+0500][gc,start      ] GC(13) Pause Young (G1 Evacuation Pause)
[2020-04-22T07:07:37.970+0500][gc,task       ] GC(13) Using 4 workers of 4 for evacuation
[2020-04-22T07:07:37.982+0500][gc,phases     ] GC(13)   Pre Evacuate Collection Set: 0.0ms
[2020-04-22T07:07:37.982+0500][gc,phases     ] GC(13)   Evacuate Collection Set: 11.1ms
[2020-04-22T07:07:37.982+0500][gc,phases     ] GC(13)   Post Evacuate Collection Set: 0.6ms
[2020-04-22T07:07:37.982+0500][gc,phases     ] GC(13)   Other: 0.3ms
[2020-04-22T07:07:37.982+0500][gc,heap       ] GC(13) Eden regions: 49->0(49)
[2020-04-22T07:07:37.982+0500][gc,heap       ] GC(13) Survivor regions: 3->3(7)
[2020-04-22T07:07:37.982+0500][gc,heap       ] GC(13) Old regions: 17->17
[2020-04-22T07:07:37.982+0500][gc,heap       ] GC(13) Humongous regions: 129->129
[2020-04-22T07:07:37.982+0500][gc,metaspace  ] GC(13) Metaspace: 45268K->45268K(1093632K)
[2020-04-22T07:07:37.982+0500][gc            ] GC(13) Pause Young (G1 Evacuation Pause) 197M->148M(1024M) 12.266ms
[2020-04-22T07:07:37.982+0500][gc,cpu        ] GC(13) User=0.04s Sys=0.00s Real=0.01s
[2020-04-22T07:37:09.895+0500][gc,start      ] GC(14) Pause Young (G1 Evacuation Pause)
[2020-04-22T07:37:09.895+0500][gc,task       ] GC(14) Using 4 workers of 4 for evacuation
[2020-04-22T07:37:09.919+0500][gc,mmu        ] GC(14) MMU target violated: 21.0ms (20.0ms/21.0ms)
[2020-04-22T07:37:09.919+0500][gc,phases     ] GC(14)   Pre Evacuate Collection Set: 1.5ms
[2020-04-22T07:37:09.919+0500][gc,phases     ] GC(14)   Evacuate Collection Set: 21.0ms
[2020-04-22T07:37:09.919+0500][gc,phases     ] GC(14)   Post Evacuate Collection Set: 0.5ms
[2020-04-22T07:37:09.919+0500][gc,phases     ] GC(14)   Other: 1.9ms
[2020-04-22T07:37:09.919+0500][gc,heap       ] GC(14) Eden regions: 49->0(49)
[2020-04-22T07:37:09.919+0500][gc,heap       ] GC(14) Survivor regions: 3->4(7)
[2020-04-22T07:37:09.919+0500][gc,heap       ] GC(14) Old regions: 17->17
[2020-04-22T07:37:09.919+0500][gc,heap       ] GC(14) Humongous regions: 129->129
[2020-04-22T07:37:09.919+0500][gc,metaspace  ] GC(14) Metaspace: 45271K->45271K(1093632K)
[2020-04-22T07:37:09.919+0500][gc            ] GC(14) Pause Young (G1 Evacuation Pause) 197M->148M(1024M) 24.919ms
[2020-04-22T07:37:09.919+0500][gc,cpu        ] GC(14) User=0.03s Sys=0.05s Real=0.02s
[2020-04-22T07:57:05.166+0500][gc,start      ] GC(15) Pause Young (G1 Evacuation Pause)
[2020-04-22T07:57:05.166+0500][gc,task       ] GC(15) Using 4 workers of 4 for evacuation
[2020-04-22T07:57:05.174+0500][gc,phases     ] GC(15)   Pre Evacuate Collection Set: 0.0ms
[2020-04-22T07:57:05.174+0500][gc,phases     ] GC(15)   Evacuate Collection Set: 7.1ms
[2020-04-22T07:57:05.174+0500][gc,phases     ] GC(15)   Post Evacuate Collection Set: 0.5ms
[2020-04-22T07:57:05.174+0500][gc,phases     ] GC(15)   Other: 0.4ms
[2020-04-22T07:57:05.174+0500][gc,heap       ] GC(15) Eden regions: 49->0(52)
[2020-04-22T07:57:05.174+0500][gc,heap       ] GC(15) Survivor regions: 4->4(7)
[2020-04-22T07:57:05.174+0500][gc,heap       ] GC(15) Old regions: 17->17
[2020-04-22T07:57:05.174+0500][gc,heap       ] GC(15) Humongous regions: 129->129
[2020-04-22T07:57:05.174+0500][gc,metaspace  ] GC(15) Metaspace: 45272K->45272K(1093632K)
[2020-04-22T07:57:05.174+0500][gc            ] GC(15) Pause Young (G1 Evacuation Pause) 197M->148M(1024M) 8.065ms
[2020-04-22T07:57:05.174+0500][gc,cpu        ] GC(15) User=0.02s Sys=0.01s Real=0.01s
